###############################################################################
#
# IAR ELF Linker V8.11.3.13950/W32 for ARM                28/Nov/2022  08:21:05
# Copyright 2007-2017 IAR Systems AB.
#
#    Output file  =  
#        C:\Users\aishu\OneDrive\Documents\Fall 2022\E E 474\Lab
#        3\Task2a\Debug\Exe\Task2a.out
#    Map file     =  
#        C:\Users\aishu\OneDrive\Documents\Fall 2022\E E 474\Lab
#        3\Task2a\Debug\List\Task2a.map
#    Command line =  
#        -f C:\Users\aishu\AppData\Local\Temp\EW4DEE.tmp
#        ("C:\Users\aishu\OneDrive\Documents\Fall 2022\E E 474\Lab
#        3\Task2a\Debug\Obj\cstartup_M.o"
#        "C:\Users\aishu\OneDrive\Documents\Fall 2022\E E 474\Lab
#        3\Task2a\Debug\Obj\Lab3_Inits.o"
#        "C:\Users\aishu\OneDrive\Documents\Fall 2022\E E 474\Lab
#        3\Task2a\Debug\Obj\Lab3_Task2a.o" -o
#        "C:\Users\aishu\OneDrive\Documents\Fall 2022\E E 474\Lab
#        3\Task2a\Debug\Exe\Task2a.out" --map
#        "C:\Users\aishu\OneDrive\Documents\Fall 2022\E E 474\Lab
#        3\Task2a\Debug\List\Task2a.map" --config "C:\Program Files (x86)\IAR
#        Systems\Embedded Workbench
#        8.0\arm\config\linker\TexasInstruments\TM4C1294NC.icf" --semihosting
#        --entry __iar_program_start --vfe --text_out locale)
#
###############################################################################

*******************************************************************************
*** RUNTIME MODEL ATTRIBUTES
***

CppFlavor       = *
__SystemLibrary = DLib
__dlib_version  = 6


*******************************************************************************
*** HEAP SELECTION
***

The basic heap was selected because some modules are built with
size limitations (and not runtime checking), and --advanced_heap
was not specified.


*******************************************************************************
*** PLACEMENT SUMMARY
***

"A0":  place at 0x00000000 { ro section .intvec };
"P1":  place in [from 0x00000000 to 0x000fffff] { ro };
define block CSTACK with size = 32K, alignment = 8 { };
define block HEAP with size = 64K, alignment = 8 { };
"P2":  place in [from 0x20000000 to 0x2003ffff] {
          rw, block CSTACK, block HEAP };
initialize by copy { rw };

  Section            Kind        Address    Size  Object
  -------            ----        -------    ----  ------
"A0":                                      0x208
  .intvec            const    0x00000000   0x208  cstartup_M.o [1]
                            - 0x00000208   0x208

"P1":                                     0x1fb8
  .text              ro code  0x00000208   0xdd6  xprintffull_nomb.o [3]
  .text              ro code  0x00000fde     0xa  xsprout.o [3]
  .text              ro code  0x00000fe8    0x16  strchr.o [5]
  .text              ro code  0x00000ffe     0x2  cstartup_M.o [1]
  .text              ro code  0x00001000    0x44  xfail_s.o [3]
  .text              ro code  0x00001044    0x36  strlen.o [5]
  .text              ro code  0x0000107a     0x2  cstartup_M.o [1]
  .text              ro code  0x0000107c    0x58  memchr.o [5]
  .text              ro code  0x000010d4    0xee  I64DivMod.o [5]
  .text              ro code  0x000011c2     0x2  cstartup_M.o [1]
  .text              ro code  0x000011c4   0x1a2  DblMul.o [4]
  .text              ro code  0x00001366     0x2  cstartup_M.o [1]
  .text              ro code  0x00001368    0x76  ABImemcpy_unaligned.o [5]
  .text              ro code  0x000013de     0x2  cstartup_M.o [1]
  .text              ro code  0x000013e0    0x70  frexp.o [4]
  .text              ro code  0x00001450    0x2e  DblCmpLe.o [4]
  .text              ro code  0x0000147e     0x2  cstartup_M.o [1]
  .text              ro code  0x00001480    0x2e  DblCmpGe.o [4]
  .text              ro code  0x000014ae     0x2  cstartup_M.o [1]
  .text              ro code  0x000014b0   0x13a  ldexp.o [4]
  .text              ro code  0x000015ea     0x2  cstartup_M.o [1]
  .text              ro code  0x000015ec    0x3a  DblToS32.o [4]
  .text              ro code  0x00001626     0x2  cstartup_M.o [1]
  .text              ro code  0x00001628    0x22  S32ToDbl.o [4]
  .text              ro code  0x0000164c    0xe2  DblSub.o [4]
  .text              ro code  0x00001730   0x246  DblDiv.o [4]
  .text              ro code  0x00001978    0x28  DblToU32.o [4]
  .text              ro code  0x000019a0    0x1a  U32ToDbl.o [4]
  .text              ro code  0x000019ba     0x6  abort.o [3]
  .text              ro code  0x000019c0     0x2  I64DivZer.o [5]
  .text              ro code  0x000019c4   0x168  DblAdd.o [4]
  .text              ro code  0x00001b2c    0x14  exit.o [6]
  .text              ro code  0x00001b40    0x68  iarttio.o [6]
  .text              ro code  0x00001ba8     0x8  XShttio.o [3]
  .text              ro code  0x00001bb0   0x318  Lab3_Inits.o [1]
  .text              ro code  0x00001ec8    0xcc  Lab3_Task2a.o [1]
  .text              ro code  0x00001f94    0x48  FltToDbl.o [4]
  .text              ro code  0x00001fdc    0x28  printf.o [3]
  .text              ro code  0x00002004    0x40  sprintf.o [3]
  .text              ro code  0x00002044    0x38  packbits_init_single.o [5]
  .text              ro code  0x0000207c    0x28  data_init.o [5]
  .text              ro code  0x000020a4    0x22  fpinit_M.o [4]
  .text              ro code  0x000020c6    0x22  iarwrite.o [6]
  .iar.init_table    const    0x000020e8    0x10  - Linker created -
  .text              ro code  0x000020f8    0x20  putchar.o [3]
  .text              ro code  0x00002118    0x10  write.o [6]
  .text              ro code  0x00002128    0x1e  dwrite.o [6]
  .text              ro code  0x00002146    0x20  iarwstd.o [6]
  .text              ro code  0x00002168    0x1a  cmain.o [5]
  .text              ro code  0x00002182     0x4  low_level_init.o [3]
  .text              ro code  0x00002186     0x4  exit.o [3]
  .text              ro code  0x0000218c     0xa  cexit.o [5]
  .text              ro code  0x00002196    0x16  xprout.o [3]
  .text              ro code  0x000021ac    0x10  cstartup_M.o [1]
  .rodata            const    0x000021bc     0x0  packbits_init_single.o [5]
  Initializer bytes  const    0x000021bc     0x4  <for P2-1>
                            - 0x000021c0  0x1fb8

"P2", part 1 of 2:                          0x14
  P2-1                        0x20000000    0x14  <Init block>
    .data            inited   0x20000000     0x8  XShttio.o [3]
    .bss             inited   0x20000008     0x4  Lab3_Task2a.o [1]
    .bss             inited   0x2000000c     0x4  Lab3_Task2a.o [1]
    .bss             inited   0x20000010     0x4  xfail_s.o [3]
                            - 0x20000014    0x14

"P2", part 2 of 2:                        0x8000
  CSTACK                      0x20000018  0x8000  <Block>
    CSTACK           uninit   0x20000018  0x8000  <Block tail>
                            - 0x20008018  0x8000


*******************************************************************************
*** INIT TABLE
***

          Address     Size
          -------     ----
Copy/packbits (__iar_packbits_init_single3)
    1 source range, total size 0x4 (20% of destination):
          0x000021bc   0x4
    1 destination range, total size 0x14:
          0x20000000  0x14



*******************************************************************************
*** MODULE SUMMARY
***

    Module                  ro code  ro data  rw data
    ------                  -------  -------  -------
C:\Users\aishu\OneDrive\Documents\Fall 2022\E E 474\Lab 3\Task2a\Debug\Obj: [1]
    Lab3_Inits.o                792
    Lab3_Task2a.o               204        2        8
    cstartup_M.o                 34      520
    -------------------------------------------------
    Total:                    1 030      522        8

command line: [2]
    -------------------------------------------------
    Total:

dl7M_tln.a: [3]
    XShttio.o                     8        1        8
    abort.o                       6
    exit.o                        4
    low_level_init.o              4
    printf.o                     40
    putchar.o                    32
    sprintf.o                    64
    xfail_s.o                    68        1        4
    xprintffull_nomb.o        3 542
    xprout.o                     22
    xsprout.o                    10
    -------------------------------------------------
    Total:                    3 800        2       12

m7M_tls.a: [4]
    DblAdd.o                    360
    DblCmpGe.o                   46
    DblCmpLe.o                   46
    DblDiv.o                    582
    DblMul.o                    418
    DblSub.o                    226
    DblToS32.o                   58
    DblToU32.o                   40
    FltToDbl.o                   72
    S32ToDbl.o                   34
    U32ToDbl.o                   26
    fpinit_M.o                   34
    frexp.o                     112
    ldexp.o                     314
    -------------------------------------------------
    Total:                    2 368

rt7M_tl.a: [5]
    ABImemcpy_unaligned.o       118
    I64DivMod.o                 238
    I64DivZer.o                   2
    cexit.o                      10
    cmain.o                      26
    data_init.o                  40
    memchr.o                     88
    packbits_init_single.o       56
    strchr.o                     22
    strlen.o                     54
    -------------------------------------------------
    Total:                      654

shb_l.a: [6]
    dwrite.o                     30
    exit.o                       20
    iarttio.o                   104
    iarwrite.o                   34
    iarwstd.o                    32
    write.o                      16
    -------------------------------------------------
    Total:                      236

    Gaps                         12
    Linker created                        16   32 768
-----------------------------------------------------
    Grand Total:              8 100      540   32 788


*******************************************************************************
*** ENTRY LIST
***

Entry                      Address   Size  Type      Object
-----                      -------   ----  ----      ------
.iar.init_table$$Base   0x000020e8          --   Gb  - Linker created -
.iar.init_table$$Limit  0x000020f8          --   Gb  - Linker created -
?main                   0x00002169         Code  Gb  cmain.o [5]
ADC0SS3_Handler         0x00001f0d   0x60  Code  Gb  Lab3_Task2a.o [1]
ADCReadPot_Init         0x00001d5b   0x88  Code  Gb  Lab3_Inits.o [1]
ADC_value               0x20000008    0x4  Data  Gb  Lab3_Task2a.o [1]
CSTACK$$Base            0x20000018          --   Gb  - Linker created -
CSTACK$$Limit           0x20008018          --   Gb  - Linker created -
LoadInt                 0x000003a7   0x7a  Code  Lc  xprintffull_nomb.o [3]
PLL_Init                0x00001bb1  0x15a  Code  Gb  Lab3_Inits.o [1]
Region$$Table$$Base     0x000020e8          --   Gb  - Linker created -
Region$$Table$$Limit    0x000020f8          --   Gb  - Linker created -
Switch_Init             0x00001d0b   0x50  Code  Gb  Lab3_Inits.o [1]
TimerADCTriger_Init     0x00001de3   0x6e  Code  Gb  Lab3_Inits.o [1]
_GenldFullNoMb          0x00000d0b  0x248  Code  Lc  xprintffull_nomb.o [3]
_LdtobFullNoMb          0x000008ef  0x3f0  Code  Lc  xprintffull_nomb.o [3]
_LitobFullNoMb          0x00000793  0x116  Code  Lc  xprintffull_nomb.o [3]
_PrintfFullNoMb         0x00000209  0x190  Code  Gb  xprintffull_nomb.o [3]
_Prout                  0x00002197   0x16  Code  Gb  xprout.o [3]
_PutcharsFullNoMb       0x00000f53   0x2e  Code  Lc  xprintffull_nomb.o [3]
_PutfldFullNoMb         0x00000421  0x264  Code  Lc  xprintffull_nomb.o [3]
_PuttxtFullNoMb         0x00000685  0x10e  Code  Lc  xprintffull_nomb.o [3]
_SProut                 0x00000fdf    0xa  Code  Gb  xsprout.o [3]
__aeabi_cdcmple         0x00001451         Code  Gb  DblCmpLe.o [4]
__aeabi_cdrcmple        0x00001481         Code  Gb  DblCmpGe.o [4]
__aeabi_d2iz            0x000015ed         Code  Gb  DblToS32.o [4]
__aeabi_d2uiz           0x00001979         Code  Gb  DblToU32.o [4]
__aeabi_ddiv            0x00001731         Code  Gb  DblDiv.o [4]
__aeabi_dmul            0x000011c5         Code  Gb  DblMul.o [4]
__aeabi_dsub            0x0000164d         Code  Gb  DblSub.o [4]
__aeabi_f2d             0x00001f95         Code  Gb  FltToDbl.o [4]
__aeabi_i2d             0x00001629         Code  Gb  S32ToDbl.o [4]
__aeabi_ldiv0           0x000019c1         Code  Gb  I64DivZer.o [5]
__aeabi_ui2d            0x000019a1         Code  Gb  U32ToDbl.o [4]
__aeabi_uldivmod        0x000010d5         Code  Gb  I64DivMod.o [5]
__cmain                 0x00002169         Code  Gb  cmain.o [5]
__dwrite                0x00002129   0x1e  Code  Gb  dwrite.o [6]
__exit                  0x00001b2d   0x14  Code  Gb  exit.o [6]
__iar_Fail_s            0x00001001   0x1e  Code  Gb  xfail_s.o [3]
__iar_Memchr            0x0000107d         Code  Gb  memchr.o [5]
__iar_Strchr            0x00000fe9         Code  Gb  strchr.o [5]
__iar_close_ttio        0x00001b41   0x2c  Code  Gb  iarttio.o [6]
__iar_dadd              0x0000165d         Code  Gb  DblSub.o [4]
__iar_data_init3        0x0000207d   0x28  Code  Gb  data_init.o [5]
__iar_dsub              0x000019c5         Code  Gb  DblAdd.o [4]
__iar_dsubStart         0x000019d7         Code  Gb  DblAdd.o [4]
__iar_frexp             0x000013ed         Code  Gb  frexp.o [4]
__iar_frexpl            0x000013ed         Code  Gb  frexp.o [4]
__iar_get_ttio          0x00001b6d   0x38  Code  Gb  iarttio.o [6]
__iar_init_vfp          0x000020a5         Code  Gb  fpinit_M.o [4]
__iar_ldexp64           0x000014b1         Code  Gb  ldexp.o [4]
__iar_lookup_ttioh      0x00001ba9    0x8  Code  Gb  XShttio.o [3]
__iar_packbits_init_single3
                        0x00002045   0x38  Code  Gb  packbits_init_single.o [5]
__iar_program_start     0x000021ad   0x10  Code  Gb  cstartup_M.o [1]
__iar_scalbln64         0x000014b1         Code  Gb  ldexp.o [4]
__iar_scalbn64          0x000014b1         Code  Gb  ldexp.o [4]
__iar_sh_stdout         0x00002147   0x20  Code  Gb  iarwstd.o [6]
__iar_sh_write          0x000020c7   0x22  Code  Gb  iarwrite.o [6]
__iar_softfp___iar_frexp64
                        0x000013e1         Code  Gb  frexp.o [4]
__iar_softfp_frexp      0x000013e1         Code  Gb  frexp.o [4]
__iar_softfp_frexpl     0x000013e1         Code  Gb  frexp.o [4]
__iar_systems$$module {Abs}
                        0x00000001         Data  Gb  command line/config [2]
__iar_ttio_handles      0x20000000    0x8  Data  Lc  XShttio.o [3]
__iar_unaligned_memcpy  0x00001369         Code  Gb  ABImemcpy_unaligned.o [5]
__iar_unaligned_memcpy4
                        0x00001389         Code  Gb  ABImemcpy_unaligned.o [5]
__iar_unaligned_memcpy8
                        0x00001389         Code  Gb  ABImemcpy_unaligned.o [5]
__low_level_init        0x00002183    0x4  Code  Gb  low_level_init.o [3]
__vector_table          0x00000000  0x208  Data  Gb  cstartup_M.o [1]
__write                 0x00002119   0x10  Code  Gb  write.o [6]
_call_main              0x00002175         Code  Gb  cmain.o [5]
_exit                   0x0000218d         Code  Gb  cexit.o [5]
_main                   0x0000217f         Code  Gb  cmain.o [5]
abort                   0x000019bb    0x6  Code  Gb  abort.o [3]
exit                    0x00002187    0x4  Code  Gb  exit.o [3]
ldexp                   0x000014b1         Code  Gb  ldexp.o [4]
ldexpl                  0x000014b1         Code  Gb  ldexp.o [4]
main                    0x00001ec9   0x44  Code  Gb  Lab3_Task2a.o [1]
memchr                  0x0000107d         Code  Gb  memchr.o [5]
printf                  0x00001fdd   0x28  Code  Gb  printf.o [3]
putchar                 0x000020f9   0x20  Code  Gb  putchar.o [3]
scalbln                 0x000014b1         Code  Gb  ldexp.o [4]
scalblnl                0x000014b1         Code  Gb  ldexp.o [4]
scalbn                  0x000014b1         Code  Gb  ldexp.o [4]
scalbnl                 0x000014b1         Code  Gb  ldexp.o [4]
scale                   0x000008a9   0x46  Code  Lc  xprintffull_nomb.o [3]
sec_hand                0x20000010    0x4  Data  Lc  xfail_s.o [3]
sprintf                 0x00002005   0x40  Code  Gb  sprintf.o [3]
strchr                  0x00000fe9         Code  Gb  strchr.o [5]
strlen                  0x00001045         Code  Gb  strlen.o [5]
temperature             0x2000000c    0x4  Data  Gb  Lab3_Task2a.o [1]


[1] = C:\Users\aishu\OneDrive\Documents\Fall 2022\E E 474\Lab 3\Task2a\Debug\Obj
[2] = command line
[3] = dl7M_tln.a
[4] = m7M_tls.a
[5] = rt7M_tl.a
[6] = shb_l.a

   8 100 bytes of readonly  code memory
     540 bytes of readonly  data memory
  32 788 bytes of readwrite data memory

Errors: none
Warnings: none
