###############################################################################
#
# IAR ELF Linker V8.11.3.13950/W32 for ARM                29/Nov/2022  11:13:16
# Copyright 2007-2017 IAR Systems AB.
#
#    Output file  =  
#        C:\Users\aishu\OneDrive\Documents\Fall 2022\E E 474\Lab 3\Task
#        2b\Debug\Exe\Task2b.out
#    Map file     =  
#        C:\Users\aishu\OneDrive\Documents\Fall 2022\E E 474\Lab 3\Task
#        2b\Debug\List\Task2b.map
#    Command line =  
#        -f C:\Users\aishu\AppData\Local\Temp\EW54B9.tmp
#        ("C:\Users\aishu\OneDrive\Documents\Fall 2022\E E 474\Lab 3\Task
#        2b\Debug\Obj\cstartup_M.o" "C:\Users\aishu\OneDrive\Documents\Fall
#        2022\E E 474\Lab 3\Task 2b\Debug\Obj\Lab3_Inits.o"
#        "C:\Users\aishu\OneDrive\Documents\Fall 2022\E E 474\Lab 3\Task
#        2b\Debug\Obj\Lab3_Task2b.o" -o "C:\Users\aishu\OneDrive\Documents\Fall
#        2022\E E 474\Lab 3\Task 2b\Debug\Exe\Task2b.out" --map
#        "C:\Users\aishu\OneDrive\Documents\Fall 2022\E E 474\Lab 3\Task
#        2b\Debug\List\Task2b.map" --config "C:\Program Files (x86)\IAR
#        Systems\Embedded Workbench
#        8.0\arm\config\linker\TexasInstruments\TM4C1294NC.icf" --semihosting
#        --entry __iar_program_start --vfe --text_out locale)
#
###############################################################################

*******************************************************************************
*** RUNTIME MODEL ATTRIBUTES
***

CppFlavor       = *
__SystemLibrary = DLib
__dlib_version  = 6


*******************************************************************************
*** HEAP SELECTION
***

The basic heap was selected because some modules are built with
size limitations (and not runtime checking), and --advanced_heap
was not specified.


*******************************************************************************
*** PLACEMENT SUMMARY
***

"A0":  place at 0x00000000 { ro section .intvec };
"P1":  place in [from 0x00000000 to 0x000fffff] { ro };
define block CSTACK with size = 32K, alignment = 8 { };
define block HEAP with size = 64K, alignment = 8 { };
"P2":  place in [from 0x20000000 to 0x2003ffff] {
          rw, block CSTACK, block HEAP };

  Section   Kind        Address    Size  Object
  -------   ----        -------    ----  ------
"A0":                             0x208
  .intvec   const    0x00000000   0x208  cstartup_M.o [1]
                   - 0x00000208   0x208

"P1":                             0x16c
  .text     ro code  0x00000208    0xac  Lab3_Inits.o [1]
  .text     ro code  0x000002b4    0x3c  Lab3_Task2b.o [1]
  .text     ro code  0x000002f0    0x22  fpinit_M.o [4]
  .text     ro code  0x00000312     0x2  cstartup_M.o [1]
  .text     ro code  0x00000314    0x1a  cmain.o [5]
  .text     ro code  0x0000032e     0x4  low_level_init.o [3]
  .text     ro code  0x00000332     0x4  exit.o [3]
  .text     ro code  0x00000336     0x2  cstartup_M.o [1]
  .text     ro code  0x00000338     0xa  cexit.o [5]
  .text     ro code  0x00000342     0x2  cstartup_M.o [1]
  .text     ro code  0x00000344    0x14  exit.o [6]
  .text     ro code  0x00000358    0x10  cstartup_M.o [1]
  .text     ro code  0x00000368     0x2  cstartup_M.o [1]
  .text     ro code  0x0000036a     0x2  cstartup_M.o [1]
  .text     ro code  0x0000036c     0x2  cstartup_M.o [1]
  .text     ro code  0x0000036e     0x2  cstartup_M.o [1]
  .text     ro code  0x00000370     0x2  cstartup_M.o [1]
  .text     ro code  0x00000372     0x2  cstartup_M.o [1]
                   - 0x00000374   0x16c

"P2":                            0x8000
  CSTACK             0x20000000  0x8000  <Block>
    CSTACK  uninit   0x20000000  0x8000  <Block tail>
                   - 0x20008000  0x8000



*******************************************************************************
*** MODULE SUMMARY
***

    Module            ro code  ro data  rw data
    ------            -------  -------  -------
C:\Users\aishu\OneDrive\Documents\Fall 2022\E E 474\Lab 3\Task 2b\Debug\Obj: [1]
    Lab3_Inits.o          172
    Lab3_Task2b.o          60
    cstartup_M.o           34      520
    -------------------------------------------
    Total:                266      520

command line: [2]
    -------------------------------------------
    Total:

dl7M_tln.a: [3]
    exit.o                  4
    low_level_init.o        4
    -------------------------------------------
    Total:                  8

m7M_tls.a: [4]
    fpinit_M.o             34
    -------------------------------------------
    Total:                 34

rt7M_tl.a: [5]
    cexit.o                10
    cmain.o                26
    -------------------------------------------
    Total:                 36

shb_l.a: [6]
    exit.o                 20
    -------------------------------------------
    Total:                 20

    Linker created                       32 768
-----------------------------------------------
    Grand Total:          364      520   32 768


*******************************************************************************
*** ENTRY LIST
***

Entry                      Address   Size  Type      Object
-----                      -------   ----  ----      ------
?main                   0x00000315         Code  Gb  cmain.o [5]
CSTACK$$Base            0x20000000          --   Gb  - Linker created -
CSTACK$$Limit           0x20008000          --   Gb  - Linker created -
Region$$Table$$Base     0x00000000          --   Gb  - Linker created -
Region$$Table$$Limit    0x00000000          --   Gb  - Linker created -
UART_Init               0x00000209   0xac  Code  Gb  Lab3_Inits.o [1]
__cmain                 0x00000315         Code  Gb  cmain.o [5]
__exit                  0x00000345   0x14  Code  Gb  exit.o [6]
__iar_init_vfp          0x000002f1         Code  Gb  fpinit_M.o [4]
__iar_program_start     0x00000359   0x10  Code  Gb  cstartup_M.o [1]
__iar_systems$$module {Abs}
                        0x00000001         Data  Gb  command line/config [2]
__low_level_init        0x0000032f    0x4  Code  Gb  low_level_init.o [3]
__vector_table          0x00000000  0x208  Data  Gb  cstartup_M.o [1]
_call_main              0x00000321         Code  Gb  cmain.o [5]
_exit                   0x00000339         Code  Gb  cexit.o [5]
_main                   0x0000032b         Code  Gb  cmain.o [5]
exit                    0x00000333    0x4  Code  Gb  exit.o [3]
main                    0x000002b5   0x12  Code  Gb  Lab3_Task2b.o [1]
printChar               0x000002d7   0x10  Code  Gb  Lab3_Task2b.o [1]
readChar                0x000002c7   0x10  Code  Gb  Lab3_Task2b.o [1]


[1] = C:\Users\aishu\OneDrive\Documents\Fall 2022\E E 474\Lab 3\Task 2b\Debug\Obj
[2] = command line
[3] = dl7M_tln.a
[4] = m7M_tls.a
[5] = rt7M_tl.a
[6] = shb_l.a

     364 bytes of readonly  code memory
     520 bytes of readonly  data memory
  32 768 bytes of readwrite data memory

Errors: none
Warnings: none
