###############################################################################
#
# IAR ELF Linker V8.11.3.13950/W32 for ARM                01/Dec/2022  17:21:09
# Copyright 2007-2017 IAR Systems AB.
#
#    Output file  =  
#        C:\Users\aishu\OneDrive\Documents\Fall 2022\E E 474\Lab 4\Task
#        2a\Debug\Exe\Task 2a.out
#    Map file     =  
#        C:\Users\aishu\OneDrive\Documents\Fall 2022\E E 474\Lab 4\Task
#        2a\Debug\List\Task 2a.map
#    Command line =  
#        -f C:\Users\aishu\AppData\Local\Temp\EWE88C.tmp
#        ("C:\Users\aishu\OneDrive\Documents\Fall 2022\E E 474\Lab 4\Task
#        2a\Debug\Obj\cstartup_M.o" "C:\Users\aishu\OneDrive\Documents\Fall
#        2022\E E 474\Lab 4\Task 2a\Debug\Obj\main2a.o"
#        "C:\Users\aishu\OneDrive\Documents\Fall 2022\E E 474\Lab 4\Task
#        2a\Debug\Obj\SSD2119_Display.o"
#        "C:\Users\aishu\OneDrive\Documents\Fall 2022\E E 474\Lab 4\Task
#        2a\Debug\Obj\SSD2119_Touch.o" -o
#        "C:\Users\aishu\OneDrive\Documents\Fall 2022\E E 474\Lab 4\Task
#        2a\Debug\Exe\Task 2a.out" --map
#        "C:\Users\aishu\OneDrive\Documents\Fall 2022\E E 474\Lab 4\Task
#        2a\Debug\List\Task 2a.map" --config "C:\Program Files (x86)\IAR
#        Systems\Embedded Workbench
#        8.0\arm\config\linker\TexasInstruments\TM4C1294NC.icf" --semihosting
#        --entry __iar_program_start --vfe --text_out locale)
#
###############################################################################

*******************************************************************************
*** RUNTIME MODEL ATTRIBUTES
***

CppFlavor       = *
__SystemLibrary = DLib
__dlib_version  = 6


*******************************************************************************
*** HEAP SELECTION
***

The basic heap was selected because some modules are built with
size limitations (and not runtime checking), and --advanced_heap
was not specified.


*******************************************************************************
*** PLACEMENT SUMMARY
***

"A0":  place at 0x00000000 { ro section .intvec };
"P1":  place in [from 0x00000000 to 0x000fffff] { ro };
define block CSTACK with size = 32K, alignment = 8 { };
define block HEAP with size = 64K, alignment = 8 { };
"P2":  place in [from 0x20000000 to 0x2003ffff] {
          rw, block CSTACK, block HEAP };
initialize by copy { rw };

  Section            Kind        Address    Size  Object
  -------            ----        -------    ----  ------
"A0":                                      0x118
  .intvec            const    0x00000000   0x118  cstartup_M.o [1]
                            - 0x00000118   0x118

"P1":                                     0x311c
  .text              ro code  0x00000118   0xdd6  xprintffull_nomb.o [3]
  .text              ro code  0x00000eee     0x2  cstartup_M.o [1]
  .text              ro code  0x00000ef0    0x16  strchr.o [5]
  .text              ro code  0x00000f06     0x2  cstartup_M.o [1]
  .text              ro code  0x00000f08    0x44  xfail_s.o [3]
  .text              ro code  0x00000f4c    0x36  strlen.o [5]
  .text              ro code  0x00000f82     0x2  cstartup_M.o [1]
  .text              ro code  0x00000f84    0x58  memchr.o [5]
  .text              ro code  0x00000fdc    0xee  I64DivMod.o [5]
  .text              ro code  0x000010ca     0x2  cstartup_M.o [1]
  .text              ro code  0x000010cc   0x1a2  DblMul.o [4]
  .text              ro code  0x0000126e     0x2  cstartup_M.o [1]
  .text              ro code  0x00001270    0x76  ABImemcpy_unaligned.o [5]
  .text              ro code  0x000012e6     0x2  cstartup_M.o [1]
  .text              ro code  0x000012e8    0x70  frexp.o [4]
  .text              ro code  0x00001358    0x2e  DblCmpLe.o [4]
  .text              ro code  0x00001386     0x2  cstartup_M.o [1]
  .text              ro code  0x00001388    0x2e  DblCmpGe.o [4]
  .text              ro code  0x000013b6     0x2  cstartup_M.o [1]
  .text              ro code  0x000013b8   0x13a  ldexp.o [4]
  .text              ro code  0x000014f2     0x2  cstartup_M.o [1]
  .text              ro code  0x000014f4    0x3a  DblToS32.o [4]
  .text              ro code  0x0000152e     0x2  cstartup_M.o [1]
  .text              ro code  0x00001530    0x22  S32ToDbl.o [4]
  .text              ro code  0x00001552     0x2  cstartup_M.o [1]
  .text              ro code  0x00001554    0xe2  DblSub.o [4]
  .text              ro code  0x00001636     0x2  cstartup_M.o [1]
  .text              ro code  0x00001638   0x246  DblDiv.o [4]
  .text              ro code  0x0000187e     0x2  cstartup_M.o [1]
  .text              ro code  0x00001880    0x28  DblToU32.o [4]
  .text              ro code  0x000018a8    0x1a  U32ToDbl.o [4]
  .text              ro code  0x000018c2     0x6  abort.o [3]
  .text              ro code  0x000018c8     0x2  I64DivZer.o [5]
  .text              ro code  0x000018cc   0x168  DblAdd.o [4]
  .text              ro code  0x00001a34    0x14  exit.o [6]
  .text              ro code  0x00001a48    0x68  iarttio.o [6]
  .text              ro code  0x00001ab0     0x8  XShttio.o [3]
  .text              ro code  0x00001ab8   0x9d0  SSD2119_Display.o [1]
  .text              ro code  0x00002488   0x844  main2a.o [1]
  .text              ro code  0x00002ccc   0x3c4  SSD2119_Touch.o [1]
  .text              ro code  0x00003090    0x28  printf.o [3]
  .text              ro code  0x000030b8    0x38  packbits_init_single.o [5]
  .text              ro code  0x000030f0    0x28  data_init.o [5]
  .text              ro code  0x00003118    0x22  fpinit_M.o [4]
  .text              ro code  0x0000313a    0x22  iarwrite.o [6]
  .iar.init_table    const    0x0000315c    0x10  - Linker created -
  .text              ro code  0x0000316c    0x20  putchar.o [3]
  .text              ro code  0x0000318c    0x10  write.o [6]
  .text              ro code  0x0000319c    0x1e  dwrite.o [6]
  .text              ro code  0x000031ba    0x20  iarwstd.o [6]
  .text              ro code  0x000031dc    0x1a  cmain.o [5]
  .text              ro code  0x000031f6     0x4  low_level_init.o [3]
  .text              ro code  0x000031fa     0x4  exit.o [3]
  .text              ro code  0x00003200     0xa  cexit.o [5]
  .text              ro code  0x0000320a    0x16  xprout.o [3]
  .text              ro code  0x00003220    0x10  cstartup_M.o [1]
  .rodata            const    0x00003230     0x0  packbits_init_single.o [5]
  Initializer bytes  const    0x00003230     0x4  <for P2-1>
                            - 0x00003234  0x311c

"P2", part 1 of 2:                          0x1b
  P2-1                        0x20000000    0x1b  <Init block>
    .data            inited   0x20000000     0x8  XShttio.o [3]
    .bss             inited   0x20000008     0x4  main2a.o [1]
    .bss             inited   0x2000000c     0x4  main2a.o [1]
    .bss             inited   0x20000010     0x4  xfail_s.o [3]
    .bss             inited   0x20000014     0x2  SSD2119_Display.o [1]
    .bss             inited   0x20000016     0x2  SSD2119_Display.o [1]
    .bss             inited   0x20000018     0x2  SSD2119_Display.o [1]
    .bss             inited   0x2000001a     0x1  main2a.o [1]
                            - 0x2000001b    0x1b

"P2", part 2 of 2:                        0x8000
  CSTACK                      0x20000020  0x8000  <Block>
    CSTACK           uninit   0x20000020  0x8000  <Block tail>
                            - 0x20008020  0x8000


*******************************************************************************
*** INIT TABLE
***

          Address     Size
          -------     ----
Copy/packbits (__iar_packbits_init_single3)
    1 source range, total size 0x4 (14% of destination):
          0x00003230   0x4
    1 destination range, total size 0x1b:
          0x20000000  0x1b



*******************************************************************************
*** MODULE SUMMARY
***

    Module                  ro code  ro data  rw data
    ------                  -------  -------  -------
C:\Users\aishu\OneDrive\Documents\Fall 2022\E E 474\Lab 4\Task 2a\Debug\Obj: [1]
    SSD2119_Display.o         2 512        1        6
    SSD2119_Touch.o             964
    cstartup_M.o                 42      280
    main2a.o                  2 116        2        9
    -------------------------------------------------
    Total:                    5 634      283       15

command line: [2]
    -------------------------------------------------
    Total:

dl7M_tln.a: [3]
    XShttio.o                     8        1        8
    abort.o                       6
    exit.o                        4
    low_level_init.o              4
    printf.o                     40
    putchar.o                    32
    xfail_s.o                    68                 4
    xprintffull_nomb.o        3 542
    xprout.o                     22
    -------------------------------------------------
    Total:                    3 726        1       12

m7M_tls.a: [4]
    DblAdd.o                    360
    DblCmpGe.o                   46
    DblCmpLe.o                   46
    DblDiv.o                    582
    DblMul.o                    418
    DblSub.o                    226
    DblToS32.o                   58
    DblToU32.o                   40
    S32ToDbl.o                   34
    U32ToDbl.o                   26
    fpinit_M.o                   34
    frexp.o                     112
    ldexp.o                     314
    -------------------------------------------------
    Total:                    2 296

rt7M_tl.a: [5]
    ABImemcpy_unaligned.o       118
    I64DivMod.o                 238
    I64DivZer.o                   2
    cexit.o                      10
    cmain.o                      26
    data_init.o                  40
    memchr.o                     88
    packbits_init_single.o       56
    strchr.o                     22
    strlen.o                     54
    -------------------------------------------------
    Total:                      654

shb_l.a: [6]
    dwrite.o                     30
    exit.o                       20
    iarttio.o                   104
    iarwrite.o                   34
    iarwstd.o                    32
    write.o                      16
    -------------------------------------------------
    Total:                      236

    Gaps                          6
    Linker created                        16   32 768
-----------------------------------------------------
    Grand Total:             12 552      300   32 795


*******************************************************************************
*** ENTRY LIST
***

Entry                      Address   Size  Type      Object
-----                      -------   ----  ----      ------
.iar.init_table$$Base   0x0000315c          --   Gb  - Linker created -
.iar.init_table$$Limit  0x0000316c          --   Gb  - Linker created -
?main                   0x000031dd         Code  Gb  cmain.o [5]
ADC_Init                0x00002d3b   0x96  Code  Lc  SSD2119_Touch.o [1]
ADC_Read                0x00002dd1   0x1e  Code  Lc  SSD2119_Touch.o [1]
ADC_SetChannel          0x00002def   0x32  Code  Lc  SSD2119_Touch.o [1]
CSTACK$$Base            0x20000020          --   Gb  - Linker created -
CSTACK$$Limit           0x20008020          --   Gb  - Linker created -
LCD_ColorFill           0x0000210f   0x16  Code  Gb  SSD2119_Display.o [1]
LCD_DrawCircle          0x00002259  0x11c  Code  Gb  SSD2119_Display.o [1]
LCD_DrawFilledCircle    0x00002375  0x104  Code  Gb  SSD2119_Display.o [1]
LCD_DrawFilledRect      0x000021f9   0x60  Code  Gb  SSD2119_Display.o [1]
LCD_DrawPixel           0x000021c5   0x34  Code  Gb  SSD2119_Display.o [1]
LCD_GPIOInit            0x00001ab9  0x19c  Code  Lc  SSD2119_Display.o [1]
LCD_GoState             0x00002b9d   0x38  Code  Gb  main2a.o [1]
LCD_Init                0x00001f4d  0x1a2  Code  Gb  SSD2119_Display.o [1]
LCD_SetCursor           0x00002125    0xe  Code  Gb  SSD2119_Display.o [1]
LCD_SetTextColor        0x00002133   0x14  Code  Gb  SSD2119_Display.o [1]
LCD_StartState          0x00002b17   0x52  Code  Gb  main2a.o [1]
LCD_StopState           0x00002b69   0x34  Code  Gb  main2a.o [1]
LCD_WarnState           0x00002bd5   0x36  Code  Gb  main2a.o [1]
LCD_WriteCommand        0x00001c55  0x15a  Code  Lc  SSD2119_Display.o [1]
LCD_WriteData           0x00001daf  0x19e  Code  Lc  SSD2119_Display.o [1]
LoadInt                 0x000002b7   0x7a  Code  Lc  xprintffull_nomb.o [3]
PLL_Init                0x00002887  0x17e  Code  Gb  main2a.o [1]
Region$$Table$$Base     0x0000315c          --   Gb  - Linker created -
Region$$Table$$Limit    0x0000316c          --   Gb  - Linker created -
Timer_long_init         0x00002a09   0x4a  Code  Gb  main2a.o [1]
Timer_short0_init       0x00002a59   0x4a  Code  Gb  main2a.o [1]
Timer_short1_init       0x00002aa3   0x4a  Code  Gb  main2a.o [1]
Touch_Init              0x00002ccd   0x6e  Code  Gb  SSD2119_Touch.o [1]
Touch_ReadX             0x00002f17   0xf6  Code  Gb  SSD2119_Touch.o [1]
Touch_ReadY             0x00002e21   0xf6  Code  Gb  SSD2119_Touch.o [1]
_GenldFullNoMb          0x00000c1b  0x248  Code  Lc  xprintffull_nomb.o [3]
_LdtobFullNoMb          0x000007ff  0x3f0  Code  Lc  xprintffull_nomb.o [3]
_LitobFullNoMb          0x000006a3  0x116  Code  Lc  xprintffull_nomb.o [3]
_PrintfFullNoMb         0x00000119  0x190  Code  Gb  xprintffull_nomb.o [3]
_Prout                  0x0000320b   0x16  Code  Gb  xprout.o [3]
_PutcharsFullNoMb       0x00000e63   0x2e  Code  Lc  xprintffull_nomb.o [3]
_PutfldFullNoMb         0x00000331  0x264  Code  Lc  xprintffull_nomb.o [3]
_PuttxtFullNoMb         0x00000595  0x10e  Code  Lc  xprintffull_nomb.o [3]
__aeabi_cdcmple         0x00001359         Code  Gb  DblCmpLe.o [4]
__aeabi_cdrcmple        0x00001389         Code  Gb  DblCmpGe.o [4]
__aeabi_d2iz            0x000014f5         Code  Gb  DblToS32.o [4]
__aeabi_d2uiz           0x00001881         Code  Gb  DblToU32.o [4]
__aeabi_ddiv            0x00001639         Code  Gb  DblDiv.o [4]
__aeabi_dmul            0x000010cd         Code  Gb  DblMul.o [4]
__aeabi_dsub            0x00001555         Code  Gb  DblSub.o [4]
__aeabi_i2d             0x00001531         Code  Gb  S32ToDbl.o [4]
__aeabi_ldiv0           0x000018c9         Code  Gb  I64DivZer.o [5]
__aeabi_ui2d            0x000018a9         Code  Gb  U32ToDbl.o [4]
__aeabi_uldivmod        0x00000fdd         Code  Gb  I64DivMod.o [5]
__cmain                 0x000031dd         Code  Gb  cmain.o [5]
__dwrite                0x0000319d   0x1e  Code  Gb  dwrite.o [6]
__exit                  0x00001a35   0x14  Code  Gb  exit.o [6]
__iar_Fail_s            0x00000f09   0x1e  Code  Gb  xfail_s.o [3]
__iar_Memchr            0x00000f85         Code  Gb  memchr.o [5]
__iar_Strchr            0x00000ef1         Code  Gb  strchr.o [5]
__iar_close_ttio        0x00001a49   0x2c  Code  Gb  iarttio.o [6]
__iar_dadd              0x00001565         Code  Gb  DblSub.o [4]
__iar_data_init3        0x000030f1   0x28  Code  Gb  data_init.o [5]
__iar_dsub              0x000018cd         Code  Gb  DblAdd.o [4]
__iar_dsubStart         0x000018df         Code  Gb  DblAdd.o [4]
__iar_frexp             0x000012f5         Code  Gb  frexp.o [4]
__iar_frexpl            0x000012f5         Code  Gb  frexp.o [4]
__iar_get_ttio          0x00001a75   0x38  Code  Gb  iarttio.o [6]
__iar_init_vfp          0x00003119         Code  Gb  fpinit_M.o [4]
__iar_ldexp64           0x000013b9         Code  Gb  ldexp.o [4]
__iar_lookup_ttioh      0x00001ab1    0x8  Code  Gb  XShttio.o [3]
__iar_packbits_init_single3
                        0x000030b9   0x38  Code  Gb  packbits_init_single.o [5]
__iar_program_start     0x00003221   0x10  Code  Gb  cstartup_M.o [1]
__iar_scalbln64         0x000013b9         Code  Gb  ldexp.o [4]
__iar_scalbn64          0x000013b9         Code  Gb  ldexp.o [4]
__iar_sh_stdout         0x000031bb   0x20  Code  Gb  iarwstd.o [6]
__iar_sh_write          0x0000313b   0x22  Code  Gb  iarwrite.o [6]
__iar_softfp___iar_frexp64
                        0x000012e9         Code  Gb  frexp.o [4]
__iar_softfp_frexp      0x000012e9         Code  Gb  frexp.o [4]
__iar_softfp_frexpl     0x000012e9         Code  Gb  frexp.o [4]
__iar_systems$$module {Abs}
                        0x00000001         Data  Gb  command line/config [2]
__iar_ttio_handles      0x20000000    0x8  Data  Lc  XShttio.o [3]
__iar_unaligned_memcpy  0x00001271         Code  Gb  ABImemcpy_unaligned.o [5]
__iar_unaligned_memcpy4
                        0x00001291         Code  Gb  ABImemcpy_unaligned.o [5]
__iar_unaligned_memcpy8
                        0x00001291         Code  Gb  ABImemcpy_unaligned.o [5]
__low_level_init        0x000031f7    0x4  Code  Gb  low_level_init.o [3]
__vector_table          0x00000000  0x118  Data  Gb  cstartup_M.o [1]
__write                 0x0000318d   0x10  Code  Gb  write.o [6]
_call_main              0x000031e9         Code  Gb  cmain.o [5]
_exit                   0x00003201         Code  Gb  cexit.o [5]
_main                   0x000031f3         Code  Gb  cmain.o [5]
abort                   0x000018c3    0x6  Code  Gb  abort.o [3]
convertColor            0x000020ef   0x20  Code  Gb  SSD2119_Display.o [1]
cursorX                 0x20000014    0x2  Data  Gb  SSD2119_Display.o [1]
cursorY                 0x20000016    0x2  Data  Gb  SSD2119_Display.o [1]
exit                    0x000031fb    0x4  Code  Gb  exit.o [3]
ldexp                   0x000013b9         Code  Gb  ldexp.o [4]
ldexpl                  0x000013b9         Code  Gb  ldexp.o [4]
main                    0x00002489  0x3fe  Code  Gb  main2a.o [1]
memchr                  0x00000f85         Code  Gb  memchr.o [5]
pedestrian_switch_input
                        0x00002c29   0x20  Code  Gb  main2a.o [1]
printf                  0x00003091   0x28  Code  Gb  printf.o [3]
putchar                 0x0000316d   0x20  Code  Gb  putchar.o [3]
scalbln                 0x000013b9         Code  Gb  ldexp.o [4]
scalblnl                0x000013b9         Code  Gb  ldexp.o [4]
scalbn                  0x000013b9         Code  Gb  ldexp.o [4]
scalbnl                 0x000013b9         Code  Gb  ldexp.o [4]
scale                   0x000007b9   0x46  Code  Lc  xprintffull_nomb.o [3]
sec_hand                0x20000010    0x4  Data  Lc  xfail_s.o [3]
start_long_timer        0x00002b09    0xe  Code  Gb  main2a.o [1]
start_short0_timer      0x00002aed    0xe  Code  Gb  main2a.o [1]
start_short1_timer      0x00002afb    0xe  Code  Gb  main2a.o [1]
state                   0x2000001a    0x1  Data  Gb  main2a.o [1]
strchr                  0x00000ef1         Code  Gb  strchr.o [5]
strlen                  0x00000f4d         Code  Gb  strlen.o [5]
system_switch_input     0x00002c0b   0x1e  Code  Gb  main2a.o [1]
textColor               0x20000018    0x2  Data  Gb  SSD2119_Display.o [1]
xPos                    0x20000008    0x4  Data  Gb  main2a.o [1]
yPos                    0x2000000c    0x4  Data  Gb  main2a.o [1]


[1] = C:\Users\aishu\OneDrive\Documents\Fall 2022\E E 474\Lab 4\Task 2a\Debug\Obj
[2] = command line
[3] = dl7M_tln.a
[4] = m7M_tls.a
[5] = rt7M_tl.a
[6] = shb_l.a

  12 552 bytes of readonly  code memory
     300 bytes of readonly  data memory
  32 795 bytes of readwrite data memory

Errors: none
Warnings: none
