###############################################################################
#
# IAR ELF Linker V8.11.3.13950/W32 for ARM                04/Dec/2022  22:34:37
# Copyright 2007-2017 IAR Systems AB.
#
#    Output file  =  
#        C:\Users\aishu\OneDrive\Documents\Fall 2022\E E 474\Lab 4\Task
#        1a\Debug\Exe\Task 1a.out
#    Map file     =  
#        C:\Users\aishu\OneDrive\Documents\Fall 2022\E E 474\Lab 4\Task
#        1a\Debug\List\Task 1a.map
#    Command line =  
#        -f C:\Users\aishu\AppData\Local\Temp\EWDB17.tmp
#        ("C:\Users\aishu\OneDrive\Documents\Fall 2022\E E 474\Lab 4\Task
#        1a\Debug\Obj\main.o" "C:\Users\aishu\OneDrive\Documents\Fall 2022\E E
#        474\Lab 4\Task 1a\Debug\Obj\SSD2119_Display.o" -o
#        "C:\Users\aishu\OneDrive\Documents\Fall 2022\E E 474\Lab 4\Task
#        1a\Debug\Exe\Task 1a.out" --map
#        "C:\Users\aishu\OneDrive\Documents\Fall 2022\E E 474\Lab 4\Task
#        1a\Debug\List\Task 1a.map" --config "C:\Program Files (x86)\IAR
#        Systems\Embedded Workbench
#        8.0\arm\config\linker\TexasInstruments\TM4C1294NC.icf" --semihosting
#        --entry __iar_program_start --vfe --text_out locale)
#
###############################################################################

*******************************************************************************
*** RUNTIME MODEL ATTRIBUTES
***

CppFlavor       = *
__SystemLibrary = DLib
__dlib_version  = 6


*******************************************************************************
*** HEAP SELECTION
***

The basic heap was selected because some modules are built with
size limitations (and not runtime checking), and --advanced_heap
was not specified.


*******************************************************************************
*** PLACEMENT SUMMARY
***

"A0":  place at 0x00000000 { ro section .intvec };
"P1":  place in [from 0x00000000 to 0x000fffff] { ro };
define block CSTACK with size = 32K, alignment = 8 { };
define block HEAP with size = 64K, alignment = 8 { };
"P2":  place in [from 0x20000000 to 0x2003ffff] {
          rw, block CSTACK, block HEAP };
initialize by copy { rw };

  Section            Kind        Address    Size  Object
  -------            ----        -------    ----  ------
"A0":                                       0x40
  .intvec            ro code  0x00000000    0x40  vector_table_M.o [5]
                            - 0x00000040    0x40

"P1":                                      0x8ac
  .text              ro code  0x00000040   0x77c  SSD2119_Display.o [1]
  .text              ro code  0x000007bc    0x38  packbits_init_single.o [5]
  .text              ro code  0x000007f4    0x2c  iarttio.o [6]
  .text              ro code  0x00000820     0x8  XShttio.o [3]
  .text              ro code  0x00000828    0x28  data_init.o [5]
  .text              ro code  0x00000850    0x22  fpinit_M.o [4]
  .iar.init_table    const    0x00000874    0x10  - Linker created -
  .text              ro code  0x00000884     0x2  vector_table_M.o [5]
  .text              ro code  0x00000888    0x1a  cmain.o [5]
  .text              ro code  0x000008a2     0x4  low_level_init.o [3]
  .text              ro code  0x000008a6    0x10  main.o [1]
  .text              ro code  0x000008b6     0x4  exit.o [3]
  .text              ro code  0x000008bc     0xa  cexit.o [5]
  .text              ro code  0x000008c8    0x14  exit.o [6]
  .text              ro code  0x000008dc     0xc  cstartup_M.o [5]
  .rodata            const    0x000008e8     0x0  packbits_init_single.o [5]
  Initializer bytes  const    0x000008e8     0x4  <for P2-1>
                            - 0x000008ec   0x8ac

"P2", part 1 of 2:                           0xe
  P2-1                        0x20000000     0xe  <Init block>
    .data            inited   0x20000000     0x8  XShttio.o [3]
    .bss             inited   0x20000008     0x2  SSD2119_Display.o [1]
    .bss             inited   0x2000000a     0x2  SSD2119_Display.o [1]
    .bss             inited   0x2000000c     0x2  SSD2119_Display.o [1]
                            - 0x2000000e     0xe

"P2", part 2 of 2:                        0x8000
  CSTACK                      0x20000010  0x8000  <Block>
    CSTACK           uninit   0x20000010  0x8000  <Block tail>
                            - 0x20008010  0x8000


*******************************************************************************
*** INIT TABLE
***

          Address     Size
          -------     ----
Copy/packbits (__iar_packbits_init_single3)
    1 source range, total size 0x4 (28% of destination):
          0x000008e8   0x4
    1 destination range, total size 0xe:
          0x20000000   0xe



*******************************************************************************
*** MODULE SUMMARY
***

    Module                  ro code  ro data  rw data
    ------                  -------  -------  -------
C:\Users\aishu\OneDrive\Documents\Fall 2022\E E 474\Lab 4\Task 1a\Debug\Obj: [1]
    SSD2119_Display.o         1 916        2        6
    main.o                       16
    -------------------------------------------------
    Total:                    1 932        2        6

command line: [2]
    -------------------------------------------------
    Total:

dl7M_tln.a: [3]
    XShttio.o                     8        2        8
    exit.o                        4
    low_level_init.o              4
    -------------------------------------------------
    Total:                       16        2        8

m7M_tls.a: [4]
    fpinit_M.o                   34
    -------------------------------------------------
    Total:                       34

rt7M_tl.a: [5]
    cexit.o                      10
    cmain.o                      26
    cstartup_M.o                 12
    data_init.o                  40
    packbits_init_single.o       56
    vector_table_M.o             66
    -------------------------------------------------
    Total:                      210

shb_l.a: [6]
    exit.o                       20
    iarttio.o                    44
    -------------------------------------------------
    Total:                       64

    Gaps                          6        2
    Linker created                        16   32 768
-----------------------------------------------------
    Grand Total:              2 262       22   32 782


*******************************************************************************
*** ENTRY LIST
***

Entry                      Address   Size  Type      Object
-----                      -------   ----  ----      ------
.iar.init_table$$Base   0x00000874          --   Gb  - Linker created -
.iar.init_table$$Limit  0x00000884          --   Gb  - Linker created -
?main                   0x00000889         Code  Gb  cmain.o [5]
CSTACK$$Base            0x20000010          --   Gb  - Linker created -
CSTACK$$Limit           0x20008010          --   Gb  - Linker created -
LCD_ColorFill           0x00000697   0x16  Code  Gb  SSD2119_Display.o [1]
LCD_DrawFilledRect      0x0000074d   0x60  Code  Gb  SSD2119_Display.o [1]
LCD_GPIOInit            0x00000041  0x19c  Code  Lc  SSD2119_Display.o [1]
LCD_Init                0x000004d5  0x1a2  Code  Gb  SSD2119_Display.o [1]
LCD_SetCursor           0x000006ad    0xe  Code  Gb  SSD2119_Display.o [1]
LCD_SetTextColor        0x000006bb   0x14  Code  Gb  SSD2119_Display.o [1]
LCD_WriteCommand        0x000001dd  0x15a  Code  Lc  SSD2119_Display.o [1]
LCD_WriteData           0x00000337  0x19e  Code  Lc  SSD2119_Display.o [1]
Region$$Table$$Base     0x00000874          --   Gb  - Linker created -
Region$$Table$$Limit    0x00000884          --   Gb  - Linker created -
__cmain                 0x00000889         Code  Gb  cmain.o [5]
__exit                  0x000008c9   0x14  Code  Gb  exit.o [6]
__iar_close_ttio        0x000007f5   0x2c  Code  Gb  iarttio.o [6]
__iar_data_init3        0x00000829   0x28  Code  Gb  data_init.o [5]
__iar_init_vfp          0x00000851         Code  Gb  fpinit_M.o [4]
__iar_lookup_ttioh      0x00000821    0x8  Code  Gb  XShttio.o [3]
__iar_packbits_init_single3
                        0x000007bd   0x38  Code  Gb  packbits_init_single.o [5]
__iar_program_start     0x000008dd         Code  Gb  cstartup_M.o [5]
__iar_systems$$module {Abs}
                        0x00000001         Data  Gb  command line/config [2]
__iar_ttio_handles      0x20000000    0x8  Data  Lc  XShttio.o [3]
__low_level_init        0x000008a3    0x4  Code  Gb  low_level_init.o [3]
__vector_table          0x00000000         Data  Gb  vector_table_M.o [5]
_call_main              0x00000895         Code  Gb  cmain.o [5]
_exit                   0x000008bd         Code  Gb  cexit.o [5]
_main                   0x0000089f         Code  Gb  cmain.o [5]
convertColor            0x00000677   0x20  Code  Gb  SSD2119_Display.o [1]
cursorX                 0x20000008    0x2  Data  Gb  SSD2119_Display.o [1]
cursorY                 0x2000000a    0x2  Data  Gb  SSD2119_Display.o [1]
exit                    0x000008b7    0x4  Code  Gb  exit.o [3]
main                    0x000008a7   0x10  Code  Gb  main.o [1]
textColor               0x2000000c    0x2  Data  Gb  SSD2119_Display.o [1]


[1] = C:\Users\aishu\OneDrive\Documents\Fall 2022\E E 474\Lab 4\Task 1a\Debug\Obj
[2] = command line
[3] = dl7M_tln.a
[4] = m7M_tls.a
[5] = rt7M_tl.a
[6] = shb_l.a

   2 262 bytes of readonly  code memory
      22 bytes of readonly  data memory
  32 782 bytes of readwrite data memory

Errors: none
Warnings: none
