###############################################################################
#
# IAR ELF Linker V8.11.3.13950/W32 for ARM                30/Nov/2022  17:21:53
# Copyright 2007-2017 IAR Systems AB.
#
#    Output file  =  
#        C:\Users\aishu\OneDrive\Documents\Fall 2022\E E 474\Lab 4\Task
#        1b\Debug\Exe\Task 1b.out
#    Map file     =  
#        C:\Users\aishu\OneDrive\Documents\Fall 2022\E E 474\Lab 4\Task
#        1b\Debug\List\Task 1b.map
#    Command line =  
#        -f C:\Users\aishu\AppData\Local\Temp\EW2D94.tmp
#        ("C:\Users\aishu\OneDrive\Documents\Fall 2022\E E 474\Lab 4\Task
#        1b\Debug\Obj\cstartup_M.o" "C:\Users\aishu\OneDrive\Documents\Fall
#        2022\E E 474\Lab 4\Task 1b\Debug\Obj\Lab4_Task1b.o"
#        "C:\Users\aishu\OneDrive\Documents\Fall 2022\E E 474\Lab 4\Task
#        1b\Debug\Obj\Lab4Task1b_Inits.o"
#        "C:\Users\aishu\OneDrive\Documents\Fall 2022\E E 474\Lab 4\Task
#        1b\Debug\Obj\SSD2119_Display.o" -o
#        "C:\Users\aishu\OneDrive\Documents\Fall 2022\E E 474\Lab 4\Task
#        1b\Debug\Exe\Task 1b.out" --map
#        "C:\Users\aishu\OneDrive\Documents\Fall 2022\E E 474\Lab 4\Task
#        1b\Debug\List\Task 1b.map" --config "C:\Program Files (x86)\IAR
#        Systems\Embedded Workbench
#        8.0\arm\config\linker\TexasInstruments\TM4C1294NC.icf" --semihosting
#        --entry __iar_program_start --vfe --text_out locale)
#
###############################################################################

*******************************************************************************
*** RUNTIME MODEL ATTRIBUTES
***

CppFlavor       = *
__SystemLibrary = DLib
__dlib_version  = 6


*******************************************************************************
*** HEAP SELECTION
***

The basic heap was selected because some modules are built with
size limitations (and not runtime checking), and --advanced_heap
was not specified.


*******************************************************************************
*** PLACEMENT SUMMARY
***

"A0":  place at 0x00000000 { ro section .intvec };
"P1":  place in [from 0x00000000 to 0x000fffff] { ro };
define block CSTACK with size = 32K, alignment = 8 { };
define block HEAP with size = 64K, alignment = 8 { };
"P2":  place in [from 0x20000000 to 0x2003ffff] {
          rw, block CSTACK, block HEAP };

  Section          Kind        Address    Size  Object
  -------          ----        -------    ----  ------
"A0":                                    0x208
  .intvec          const    0x00000000   0x208  cstartup_M.o [1]
                          - 0x00000208   0x208

"P1":                                   0x17a0
  .text            ro code  0x00000208   0x8cc  SSD2119_Display.o [1]
  .text            ro code  0x00000ad4   0x3c0  Lab4Task1b_Inits.o [1]
  .text            ro code  0x00000e94   0x246  DblDiv.o [4]
  .text            ro code  0x000010da     0x2  cstartup_M.o [1]
  .rodata          const    0x000010dc   0x1e0  SSD2119_Display.o [1]
  .text            ro code  0x000012bc   0x1a2  DblMul.o [4]
  .text            ro code  0x0000145e     0x2  cstartup_M.o [1]
  .text            ro code  0x00001460   0x168  DblAdd.o [4]
  .text            ro code  0x000015c8   0x134  Lab4_Task1b.o [1]
  .text            ro code  0x000016fc    0x1a  U32ToDbl.o [4]
  .text            ro code  0x00001716     0x2  cstartup_M.o [1]
  .text            ro code  0x00001718    0xe2  DblSub.o [4]
  .text            ro code  0x000017fa     0x2  cstartup_M.o [1]
  .text            ro code  0x000017fc    0x68  DblToFlt.o [4]
  .text            ro code  0x00001864    0x40  zero_init3.o [5]
  .text            ro code  0x000018a4    0x28  data_init.o [5]
  .text            ro code  0x000018cc    0x22  fpinit_M.o [4]
  .iar.init_table  const    0x000018f0    0x10  - Linker created -
  .text            ro code  0x00001900     0x2  cstartup_M.o [1]
  .rodata          const    0x00001904    0x20  Lab4_Task1b.o [1]
  .rodata          const    0x00001924    0x1c  Lab4_Task1b.o [1]
  .text            ro code  0x00001940    0x1a  cmain.o [5]
  .text            ro code  0x0000195a     0x4  low_level_init.o [3]
  .text            ro code  0x0000195e     0x4  exit.o [3]
  .text            ro code  0x00001962     0x2  cstartup_M.o [1]
  .text            ro code  0x00001964     0xa  cexit.o [5]
  .text            ro code  0x0000196e     0x2  cstartup_M.o [1]
  .text            ro code  0x00001970    0x14  exit.o [6]
  .text            ro code  0x00001984    0x10  cstartup_M.o [1]
  .rodata          const    0x00001994     0x8  Lab4_Task1b.o [1]
  .rodata          const    0x0000199c     0x8  Lab4_Task1b.o [1]
  .text            ro code  0x000019a4     0x2  cstartup_M.o [1]
  .text            ro code  0x000019a6     0x2  cstartup_M.o [1]
  .rodata          const    0x000019a8     0x0  zero_init3.o [5]
                          - 0x000019a8  0x17a0

"P2", part 1 of 2:                        0x10
  .bss             zero     0x20000000     0x4  Lab4_Task1b.o [1]
  .bss             zero     0x20000004     0x4  Lab4_Task1b.o [1]
  .bss             zero     0x20000008     0x2  SSD2119_Display.o [1]
  .bss             zero     0x2000000a     0x2  SSD2119_Display.o [1]
  .bss             zero     0x2000000c     0x2  SSD2119_Display.o [1]
  .bss             zero     0x2000000e     0x1  Lab4_Task1b.o [1]
                          - 0x2000000f     0xf

"P2", part 2 of 2:                      0x8000
  CSTACK                    0x20000010  0x8000  <Block>
    CSTACK         uninit   0x20000010  0x8000  <Block tail>
                          - 0x20008010  0x8000


*******************************************************************************
*** INIT TABLE
***

          Address     Size
          -------     ----
Zero (__iar_zero_init3)
    1 destination range, total size 0xf:
          0x20000000   0xf



*******************************************************************************
*** MODULE SUMMARY
***

    Module              ro code  ro data  rw data
    ------              -------  -------  -------
C:\Users\aishu\OneDrive\Documents\Fall 2022\E E 474\Lab 4\Task 1b\Debug\Obj: [1]
    Lab4Task1b_Inits.o      960
    Lab4_Task1b.o           308       76        9
    SSD2119_Display.o     2 252      480        6
    cstartup_M.o             34      520
    ---------------------------------------------
    Total:                3 554    1 076       15

command line: [2]
    ---------------------------------------------
    Total:

dl7M_tln.a: [3]
    exit.o                    4
    low_level_init.o          4
    ---------------------------------------------
    Total:                    8

m7M_tls.a: [4]
    DblAdd.o                360
    DblDiv.o                582
    DblMul.o                418
    DblSub.o                226
    DblToFlt.o              104
    U32ToDbl.o               26
    fpinit_M.o               34
    ---------------------------------------------
    Total:                1 750

rt7M_tl.a: [5]
    cexit.o                  10
    cmain.o                  26
    data_init.o              40
    zero_init3.o             64
    ---------------------------------------------
    Total:                  140

shb_l.a: [6]
    exit.o                   20
    ---------------------------------------------
    Total:                   20

    Gaps                               4
    Linker created                    16   32 768
-------------------------------------------------
    Grand Total:          5 472    1 096   32 783


*******************************************************************************
*** ENTRY LIST
***

Entry                      Address   Size  Type      Object
-----                      -------   ----  ----      ------
.iar.init_table$$Base   0x000018f0          --   Gb  - Linker created -
.iar.init_table$$Limit  0x00001900          --   Gb  - Linker created -
?main                   0x00001941         Code  Gb  cmain.o [5]
ADC0SS3_Handler         0x0000169b   0x22  Code  Gb  Lab4_Task1b.o [1]
ADCReadPot_Init         0x00000c81   0x88  Code  Gb  Lab4Task1b_Inits.o [1]
ADC_value               0x20000000    0x4  Data  Gb  Lab4_Task1b.o [1]
ASCII                   0x000010dc  0x1e0  Data  Lc  SSD2119_Display.o [1]
CSTACK$$Base            0x20000010          --   Gb  - Linker created -
CSTACK$$Limit           0x20008010          --   Gb  - Linker created -
LCD_DrawPixel           0x00000a8d   0x34  Code  Gb  SSD2119_Display.o [1]
LCD_GPIOInit            0x00000209  0x19c  Code  Lc  SSD2119_Display.o [1]
LCD_Init                0x0000069d  0x1a2  Code  Gb  SSD2119_Display.o [1]
LCD_PrintChar           0x0000085f   0xd0  Code  Gb  SSD2119_Display.o [1]
LCD_PrintFloat          0x000009cd   0x3e  Code  Gb  SSD2119_Display.o [1]
LCD_PrintInteger        0x0000096d   0x60  Code  Gb  SSD2119_Display.o [1]
LCD_PrintString         0x0000092f   0x1c  Code  Gb  SSD2119_Display.o [1]
LCD_SetCursor           0x0000094b    0xe  Code  Gb  SSD2119_Display.o [1]
LCD_SetTextColor        0x00000959   0x14  Code  Gb  SSD2119_Display.o [1]
LCD_WriteCommand        0x000003a5  0x15a  Code  Lc  SSD2119_Display.o [1]
LCD_WriteData           0x000004ff  0x19e  Code  Lc  SSD2119_Display.o [1]
PLL_Init                0x00000ad5  0x15c  Code  Gb  Lab4Task1b_Inits.o [1]
Region$$Table$$Base     0x000018f0          --   Gb  - Linker created -
Region$$Table$$Limit    0x00001900          --   Gb  - Linker created -
Switch_Init             0x00000c31   0x50  Code  Gb  Lab4Task1b_Inits.o [1]
TimerADCTriger_Init     0x00000d09   0x6e  Code  Gb  Lab4Task1b_Inits.o [1]
UART_Init               0x00000d77   0x82  Code  Gb  Lab4Task1b_Inits.o [1]
__aeabi_d2f             0x000017fd         Code  Gb  DblToFlt.o [4]
__aeabi_ddiv            0x00000e95         Code  Gb  DblDiv.o [4]
__aeabi_dmul            0x000012bd         Code  Gb  DblMul.o [4]
__aeabi_dsub            0x00001719         Code  Gb  DblSub.o [4]
__aeabi_ui2d            0x000016fd         Code  Gb  U32ToDbl.o [4]
__cmain                 0x00001941         Code  Gb  cmain.o [5]
__exit                  0x00001971   0x14  Code  Gb  exit.o [6]
__iar_dadd              0x00001729         Code  Gb  DblSub.o [4]
__iar_data_init3        0x000018a5   0x28  Code  Gb  data_init.o [5]
__iar_dsub              0x00001461         Code  Gb  DblAdd.o [4]
__iar_dsubStart         0x00001473         Code  Gb  DblAdd.o [4]
__iar_init_vfp          0x000018cd         Code  Gb  fpinit_M.o [4]
__iar_program_start     0x00001985   0x10  Code  Gb  cstartup_M.o [1]
__iar_systems$$module {Abs}
                        0x00000001         Data  Gb  command line/config [2]
__iar_zero_init3        0x00001865   0x40  Code  Gb  zero_init3.o [5]
__low_level_init        0x0000195b    0x4  Code  Gb  low_level_init.o [3]
__vector_table          0x00000000  0x208  Data  Gb  cstartup_M.o [1]
_call_main              0x0000194d         Code  Gb  cmain.o [5]
_exit                   0x00001965         Code  Gb  cexit.o [5]
_main                   0x00001957         Code  Gb  cmain.o [5]
convertColor            0x0000083f   0x20  Code  Gb  SSD2119_Display.o [1]
cursorX                 0x20000008    0x2  Data  Gb  SSD2119_Display.o [1]
cursorY                 0x2000000a    0x2  Data  Gb  SSD2119_Display.o [1]
exit                    0x0000195f    0x4  Code  Gb  exit.o [3]
freq                    0x2000000e    0x1  Data  Gb  Lab4_Task1b.o [1]
main                    0x000015c9   0xd2  Code  Gb  Lab4_Task1b.o [1]
temperature             0x20000004    0x4  Data  Gb  Lab4_Task1b.o [1]
textColor               0x2000000c    0x2  Data  Gb  SSD2119_Display.o [1]


[1] = C:\Users\aishu\OneDrive\Documents\Fall 2022\E E 474\Lab 4\Task 1b\Debug\Obj
[2] = command line
[3] = dl7M_tln.a
[4] = m7M_tls.a
[5] = rt7M_tl.a
[6] = shb_l.a

   5 472 bytes of readonly  code memory
   1 096 bytes of readonly  data memory
  32 783 bytes of readwrite data memory

Errors: none
Warnings: none
